// Jest Snapshot v1, https://goo.gl/fbAQLP

exports[`Password Reset Success Page renders correctly 1`] = `
<DocumentFragment>
  <div
    class="center-layout-container authentication-wrapper forgot-password-content"
  >
    <div
      class="logo-container"
    >
      <img
        alt="NextEdge AI"
        class="logo"
        src="Logo.svg"
      />
    </div>
    <div
      class="authentication-content"
    >
      <div
        class="authentication-title"
      >
        Password Reset Successfully
      </div>
      <div
        class="description"
      >
        Your password has been reset and you may now login with your new credentials.
      </div>
      <div
        class="action-container"
      >
        <button
          class="ant-btn forgot-password-button ant-btn-primary"
          type="button"
        >
          <span>
            Login
          </span>
        </button>
      </div>
    </div>
  </div>
</DocumentFragment>
`;
